 
****************************************
Report : power
        -analysis_effort low
Design : top
Version: S-2021.06
Date   : Tue Apr 12 18:59:58 2022
****************************************


Library(s) Used:

    tcbn45gsbwptc (File: /cae/apps/data/tsmclibs-2013/digital/Front_End/timing_power_noise/NLDM/tcbn45gsbwp_120a/tcbn45gsbwptc.db)


Operating Conditions: NCCOM   Library: tcbn45gsbwptc
Wire Load Model Mode: segmented

Design        Wire Load Model            Library
------------------------------------------------
top                    ZeroWireload      tcbn45gsbwptc


Global Operating Voltage = 0.9  
Power-specific unit information :
    Voltage Units = 1V
    Capacitance Units = 1.000000pf
    Time Units = 1ns
    Dynamic Power Units = 1mW    (derived from V,C,T units)
    Leakage Power Units = 1nW


  Cell Internal Power  =   1.0910 mW   (62%)
  Net Switching Power  = 669.3628 uW   (38%)
                         ---------
Total Dynamic Power    =   1.7603 mW  (100%)

Cell Leakage Power     = 476.6049 uW


                 Internal         Switching           Leakage            Total
Power Group      Power            Power               Power              Power   (   %    )  Attrs
--------------------------------------------------------------------------------------------------
io_pad             0.0000            0.0000            0.0000            0.0000  (   0.00%)
memory             0.0000            0.0000            0.0000            0.0000  (   0.00%)
black_box          0.0000            0.0000            0.0000            0.0000  (   0.00%)
clock_network  4.4862e-03        5.0664e-02          632.0182        5.5782e-02  (   2.49%)
register           0.2564        1.3854e-02        2.1005e+04            0.2912  (  13.02%)
sequential         0.0000            0.0000            0.0000            0.0000  (   0.00%)
combinational      0.8301            0.6048        4.5497e+05            1.8900  (  84.49%)
--------------------------------------------------------------------------------------------------
Total              1.0910 mW         0.6694 mW     4.7660e+05 nW         2.2370 mW
1
